
  .   ____          _            __ _ _
 /\\ / ___'_ __ _ _(_)_ __  __ _ \ \ \ \
( ( )\___ | '_ | '_| | '_ \/ _` | \ \ \ \
 \\/  ___)| |_)| | | | | || (_| |  ) ) ) )
  '  |____| .__|_| |_|_| |_\__, | / / / /
 =========|_|==============|___/=/_/_/_/

 :: Spring Boot ::               (v3.5.15)

2026-09-15 08:26:01.925 [main] INFO  [] c.a.m.inventory.MallInventoryApplication - Starting MallInventoryApplication using Java 21.0.12 with PID 38968 (D:\Desktop\ai-platform\implementation\ai-platform-backend\mall-services\mall-inventory\target\mall-inventory-1.0.0-SNAPSHOT.jar started by 2025 in D:\Desktop\ai-platform\implementation\ai-platform-backend)
2026-09-15 08:26:01.929 [main] INFO  [] c.a.m.inventory.MallInventoryApplication - No active profile set, falling back to 1 default profile: "default"
2026-09-15 08:26:02.980 [main] INFO  [] o.s.d.r.c.RepositoryConfigurationDelegate - Multiple Spring Data modules found, entering strict repository configuration mode
2026-09-15 08:26:02.981 [main] INFO  [] o.s.d.r.c.RepositoryConfigurationDelegate - Bootstrapping Spring Data Redis repositories in DEFAULT mode.
2026-09-15 08:26:03.003 [main] INFO  [] o.s.d.r.c.RepositoryConfigurationDelegate - Finished Spring Data repository scanning in 4 ms. Found 0 Redis repository interfaces.
2026-09-15 08:26:03.203 [main] INFO  [] o.s.cloud.context.scope.GenericScope - BeanFactory id=cbec8a4e-b9b3-33af-b03f-190599f4a88c
2026-09-15 08:26:04.008 [main] INFO  [] o.s.b.w.embedded.tomcat.TomcatWebServer - Tomcat initialized with port 8106 (http)
2026-09-15 08:26:04.046 [main] INFO  [] o.apache.catalina.core.StandardService - Starting service [Tomcat]
2026-09-15 08:26:04.047 [main] INFO  [] org.apache.catalina.core.StandardEngine - Starting Servlet engine: [Apache Tomcat/10.1.55]
2026-09-15 08:26:04.091 [main] INFO  [] o.a.c.c.C.[Tomcat].[localhost].[/] - Initializing Spring embedded WebApplicationContext
2026-09-15 08:26:04.091 [main] INFO  [] o.s.b.w.s.c.ServletWebServerApplicationContext - Root WebApplicationContext: initialization completed in 2109 ms
2026-09-15 08:26:04.185 [main] INFO  [] o.s.boot.web.servlet.RegistrationBean - Filter internalIdentityFilterRegistration was not registered (disabled)
2026-09-15 08:26:04.773 [main] INFO  [] com.zaxxer.hikari.HikariDataSource - HikariPool-1 - Starting...
2026-09-15 08:26:05.037 [main] INFO  [] com.zaxxer.hikari.pool.HikariPool - HikariPool-1 - Added connection com.mysql.cj.jdbc.ConnectionImpl@79d49790
2026-09-15 08:26:05.039 [main] INFO  [] com.zaxxer.hikari.HikariDataSource - HikariPool-1 - Start completed.
2026-09-15 08:26:05.114 [main] INFO  [] org.flywaydb.core.FlywayExecutor - Database: jdbc:mysql://localhost:13306/mall_inventory?useUnicode=true&characterEncoding=utf8&serverTimezone=Asia/Shanghai&useSSL=false&allowPublicKeyRetrieval=true (MySQL 8.4)
2026-09-15 08:26:05.614 [main] WARN  [] o.f.core.internal.database.base.Database - Flyway upgrade recommended: MySQL 8.4 is newer than this version of Flyway and support has not been tested. The latest supported version of MySQL is 8.1.
2026-09-15 08:26:05.676 [main] INFO  [] o.f.core.internal.command.DbValidate - Successfully validated 2 migrations (execution time 00:00.045s)
2026-09-15 08:26:05.692 [main] INFO  [] o.f.core.internal.command.DbMigrate - Current version of schema `mall_inventory`: 2
2026-09-15 08:26:05.697 [main] INFO  [] o.f.core.internal.command.DbMigrate - Schema `mall_inventory` is up to date. No migration necessary.
 _ _   |_  _ _|_. ___ _ |    _ 
| | |\/|_)(_| | |_\  |_)||_|_\ 
     /               |         
                        3.5.12 
2026-09-15 08:26:10.432 [main] INFO  [] c.b.m.e.s.MybatisPlusApplicationContextAware - Register ApplicationContext instances org.springframework.boot.web.servlet.context.AnnotationConfigServletWebServerApplicationContext@349c1daf
2026-09-15 08:26:10.791 [main] INFO  [] o.s.b.w.embedded.tomcat.TomcatWebServer - Tomcat started on port 8106 (http) with context path '/'
2026-09-15 08:26:10.815 [Thread-3] INFO  [] c.a.n.c.a.ram.identify.CredentialWatcher - null No credential found
2026-09-15 08:26:10.822 [main] INFO  [] c.a.nacos.client.logging.NacosLogging - Nacos Logging Adapter Builder: com.alibaba.nacos.logger.adapter.logback14.LogbackNacosLoggingAdapterBuilder
2026-09-15 08:26:10.826 [main] INFO  [] c.a.nacos.client.logging.NacosLogging - Nacos Logging Adapter: com.alibaba.nacos.logger.adapter.logback14.LogbackNacosLoggingAdapter match ch.qos.logback.classic.Logger success.
2026-09-15 08:26:10.826 [main] INFO  [] c.a.nacos.client.logging.NacosLogging - Nacos Logging Adapter Builder: com.alibaba.nacos.logger.adapter.log4j2.Log4j2NacosLoggingAdapterBuilder
2026-09-15 08:26:10.988 [main] INFO  [] c.a.n.p.a.s.c.ClientAuthPluginManager - [ClientAuthPluginManager] Load ClientAuthService com.alibaba.nacos.client.auth.impl.NacosClientAuthServiceImpl success.
2026-09-15 08:26:10.988 [main] INFO  [] c.a.n.p.a.s.c.ClientAuthPluginManager - [ClientAuthPluginManager] Load ClientAuthService com.alibaba.nacos.client.auth.ram.RamClientAuthServiceImpl success.
2026-09-15 08:26:11.718 [main] INFO  [] c.a.n.c.a.AbstractAbilityControlManager - Ready to get current node abilities...
2026-09-15 08:26:11.721 [main] INFO  [] c.a.n.c.a.AbstractAbilityControlManager - Ready to initialize current node abilities, support modes: [SDK_CLIENT]
2026-09-15 08:26:11.721 [main] INFO  [] c.a.n.c.a.AbstractAbilityControlManager - Initialize current abilities finish...
2026-09-15 08:26:11.721 [main] INFO  [] c.a.n.c.a.d.NacosAbilityManagerHolder - [AbilityControlManager] Successfully initialize AbilityControlManager
2026-09-15 08:26:11.770 [main] INFO  [] c.a.c.n.registry.NacosServiceRegistry - nacos registry, DEFAULT_GROUP mall-inventory 192.168.1.2:8106 register finished
2026-09-15 08:26:11.783 [main] INFO  [] c.a.m.inventory.MallInventoryApplication - Started MallInventoryApplication in 10.339 seconds (process running for 10.848)
2026-09-15 08:26:14.984 [http-nio-8106-exec-1] INFO  [] o.a.c.c.C.[Tomcat].[localhost].[/] - Initializing Spring DispatcherServlet 'dispatcherServlet'
2026-09-15 08:26:14.984 [http-nio-8106-exec-1] INFO  [] o.s.web.servlet.DispatcherServlet - Initializing Servlet 'dispatcherServlet'
2026-09-15 08:26:14.985 [http-nio-8106-exec-1] INFO  [] o.s.web.servlet.DispatcherServlet - Completed initialization in 1 ms
