
> mall-admin@0.0.0 build D:\Desktop\ai-platform\implementation\ai-platform-frontend\mall-admin
> vite build

[36mvite v8.2.2 [32mbuilding client environment for production...[36m[39m
transforming...
✓ 1800 modules transformed.
rendering chunks...
computing gzip size...
dist/index.html                                    0.49 kB │ gzip:  0.31 kB
dist/assets/ProductsPlaceholderView-DgfSVw0g.css   0.05 kB │ gzip:  0.07 kB
dist/assets/SettingsPlaceholderView-De7rA_XN.css   0.05 kB │ gzip:  0.07 kB
dist/assets/UsersPlaceholderView-DgSo6BNw.css      0.05 kB │ gzip:  0.07 kB
dist/assets/NotFoundView-DlOX6-8_.css              0.06 kB │ gzip:  0.08 kB
dist/assets/WorkbenchView-BHEZD1oN.css             0.23 kB │ gzip:  0.14 kB
dist/assets/InventoryListView-C2kejzdw.css         0.29 kB │ gzip:  0.19 kB
dist/assets/InventoryLogView-BTI90PwT.css          0.30 kB │ gzip:  0.18 kB
dist/assets/CategoryTreeView-npilB31z.css          0.34 kB │ gzip:  0.20 kB
dist/assets/ProductListView-Bxt1q6kI.css           0.46 kB │ gzip:  0.24 kB
dist/assets/BrandListView-CuNxtQCt.css             0.46 kB │ gzip:  0.24 kB
dist/assets/css-BAyktVMS.css                       0.92 kB │ gzip:  0.32 kB
dist/assets/css-BtuTnLzD.css                       1.61 kB │ gzip:  0.54 kB
dist/assets/css-BG2Se6n6.css                       2.73 kB │ gzip:  0.79 kB
dist/assets/LoginView-Vajkt3rH.css                 3.69 kB │ gzip:  0.82 kB
dist/assets/css-C8-vPSoj.css                       3.80 kB │ gzip:  0.89 kB
dist/assets/css-DgHkEboq.css                       5.77 kB │ gzip:  0.98 kB
dist/assets/css-B7gvwdWB.css                       6.95 kB │ gzip:  1.17 kB
dist/assets/css-fwHxR_19.css                       8.05 kB │ gzip:  1.71 kB
dist/assets/css-COxjNVN7.css                       8.10 kB │ gzip:  1.90 kB
dist/assets/css-Nqb2n_Xn.css                      11.18 kB │ gzip:  1.86 kB
dist/assets/ProductEditView-B5p3Gzoa.css          18.00 kB │ gzip:  3.32 kB
dist/assets/AdminLayout-ps7ssT3C.css              23.29 kB │ gzip:  3.43 kB
dist/assets/css-CNpL_Sag.css                      27.75 kB │ gzip:  3.95 kB
dist/assets/css-CzQ74fqP.css                      31.86 kB │ gzip:  4.42 kB
dist/assets/refs-Cc5FwKWV.js                       0.06 kB │ gzip:  0.07 kB
dist/assets/castArray-CcoDBMo7.js                  0.12 kB │ gzip:  0.13 kB
dist/assets/app-BChupAWe.js                        0.24 kB │ gzip:  0.22 kB
dist/assets/ForbiddenView-1i5Zcx25.js              0.30 kB │ gzip:  0.27 kB
dist/assets/vnode-CkEU5BS1.js                      0.37 kB │ gzip:  0.25 kB
dist/assets/ProductsPlaceholderView-BDy5tWmG.js    0.38 kB │ gzip:  0.34 kB
dist/assets/SettingsPlaceholderView-BRkuCSvx.js    0.38 kB │ gzip:  0.34 kB
dist/assets/UsersPlaceholderView-XfUczopX.js       0.38 kB │ gzip:  0.34 kB
dist/assets/brand-D7cl5FZW.js                      0.44 kB │ gzip:  0.24 kB
dist/assets/category-GzFcc8O8.js                   0.44 kB │ gzip:  0.21 kB
dist/assets/NotFoundView-CNJDgkfx.js               0.46 kB │ gzip:  0.38 kB
dist/assets/inventory-N0QhjpWN.js                  0.48 kB │ gzip:  0.21 kB
dist/assets/product-D9NJhLx3.js                    0.94 kB │ gzip:  0.34 kB
dist/assets/click-outside-aQFVh8NZ.js              0.95 kB │ gzip:  0.53 kB
dist/assets/css-B98sfeVx.js                        1.22 kB │ gzip:  0.54 kB
dist/assets/WorkbenchView-CnheNHRL.js              1.89 kB │ gzip:  1.11 kB
dist/assets/InventoryLogView-sOeo4oaR.js           3.56 kB │ gzip:  1.73 kB
dist/assets/LoginView-yYuijC7W.js                  3.58 kB │ gzip:  1.69 kB
dist/assets/css-DALOiLSc.js                        4.63 kB │ gzip:  1.97 kB
dist/assets/CategoryTreeView-Dr91qDpI.js           5.30 kB │ gzip:  2.31 kB
dist/assets/ProductListView-SfiqxyYD.js            6.77 kB │ gzip:  2.61 kB
dist/assets/InventoryListView-C2fIUqUm.js          6.91 kB │ gzip:  2.62 kB
dist/assets/BrandListView-2JeM3vhy.js              7.36 kB │ gzip:  3.00 kB
dist/assets/usePermission-DM-OLRHs.js             11.02 kB │ gzip:  4.54 kB
dist/assets/css-P22126-k.js                       11.15 kB │ gzip:  4.25 kB
dist/assets/message-box-C-jlj4VF.js               11.29 kB │ gzip:  4.24 kB
dist/assets/css-CDaN9Aig.js                       11.50 kB │ gzip:  3.95 kB
dist/assets/css-DykBPU1j.js                       15.78 kB │ gzip:  5.76 kB
dist/assets/css-5UgTE-bM.js                       16.04 kB │ gzip:  6.09 kB
dist/assets/css-DjhMfJiL.js                       30.14 kB │ gzip: 10.29 kB
dist/assets/css-B-_DgYsd.js                       31.36 kB │ gzip: 10.85 kB
dist/assets/AdminLayout-CvzDMZKT.js               35.72 kB │ gzip: 11.96 kB
dist/assets/index-B4RWgvrr.js                     47.31 kB │ gzip: 18.50 kB
dist/assets/css-zJlm0hTW.js                       52.25 kB │ gzip: 18.50 kB
dist/assets/auth-DjkG_mwk.js                      59.26 kB │ gzip: 22.50 kB
dist/assets/runtime-core.esm-bundler-BoYVof0z.js  65.53 kB │ gzip: 25.70 kB
dist/assets/ProductEditView-BZHdNoLD.js           66.56 kB │ gzip: 22.99 kB
dist/assets/css-DYyNmapp.js                       70.16 kB │ gzip: 25.24 kB
dist/assets/css-BbaotHZh.js                       90.25 kB │ gzip: 30.74 kB

[32m✓ built in 4.19s[39m
node.exe : [33m[33m[PLUGIN_TIMINGS] [0mYour build spent 29% of 4.2s inside plugin hooks (1.2s).
At D:\nodejs\node_global\pnpm.ps1:24 char:5
+     & "node$exe"  "$basedir/node_modules/pnpm/bin/pnpm.cjs" $args
+     ~~~~~~~~~~~~~~~~~~~~~~~~~~~~~~~~~~~~~~~~~~~~~~~~~~~~~~~~~~~~~
    + CategoryInfo          : NotSpecified: ([33m[33m[PLUG...n hooks (1.2s).:String) [], RemoteException
    + FullyQualifiedErrorId : NativeCommandError
 
Not measurable — 2 hooks whose calls overlap, so elapsed time covers work other calls were doing. Profile with `node --
cpu-prof`:
  - unplugin-auto-import transform (72 calls)
  - unplugin-vue-components transform (1800 calls)
See https://rolldown.rs/reference/InputOptions.checks#plugintimings for more details.
[39m
