
> mall-admin@0.0.0 type-check D:\Desktop\ai-platform\implementation\ai-platform-frontend\mall-admin
> vue-tsc --noEmit -p tsconfig.json && vue-tsc --noEmit -p tsconfig.node.json

src/api/product/brand.spec.ts(57,27): error TS2345: Argument of type 'number' is not assignable to parameter of type 'string'.
src/api/product/brand.spec.ts(60,33): error TS2345: Argument of type 'number' is not assignable to parameter of type 'string'.
src/api/product/category.spec.ts(40,59): error TS2322: Type 'number' is not assignable to type 'string'.
src/api/product/category.spec.ts(53,30): error TS2345: Argument of type 'number' is not assignable to parameter of type 'string'.
src/api/product/category.spec.ts(54,36): error TS2345: Argument of type 'number' is not assignable to parameter of type 'string'.
src/views/inventory/InventoryListView.vue(259,7): error TS2322: Type 'number | undefined' is not assignable to type 'string | undefined'.
  Type 'number' is not assignable to type 'string'.
src/views/inventory/InventoryListView.vue(308,31): error TS2322: Type 'number' is not assignable to type 'string'.
src/views/inventory/InventoryListView.vue(338,3): error TS2322: Type 'string' is not assignable to type 'number'.
src/views/inventory/InventoryListView.vue(351,31): error TS2345: Argument of type 'number' is not assignable to parameter of type 'string'.
src/views/inventory/InventoryLogView.vue(150,7): error TS2322: Type 'number | undefined' is not assignable to type 'string | undefined'.
  Type 'number' is not assignable to type 'string'.
src/views/product/BrandListView.vue(361,3): error TS2322: Type 'string' is not assignable to type 'number'.
src/views/product/BrandListView.vue(385,29): error TS2345: Argument of type 'number' is not assignable to parameter of type 'string'.
src/views/product/CategoryTreeView.vue(51,14): error TS2345: Argument of type 'string' is not assignable to parameter of type 'number'.
src/views/product/CategoryTreeView.vue(65,3): error TS2322: Type 'string' is not assignable to type 'number'.
src/views/product/CategoryTreeView.vue(66,3): error TS2322: Type 'string' is not assignable to type 'number'.
src/views/product/CategoryTreeView.vue(77,5): error TS2322: Type 'number' is not assignable to type 'string'.
src/views/product/CategoryTreeView.vue(86,32): error TS2345: Argument of type 'number' is not assignable to parameter of type 'string'.
src/views/product/product-editor.ts(32,5): error TS2322: Type 'number' is not assignable to type 'string'.
src/views/product/product-editor.ts(33,5): error TS2322: Type 'number' is not assignable to type 'string'.
src/views/product/ProductEditView.vue(204,31): error TS2345: Argument of type 'number' is not assignable to parameter of type 'string'.
src/views/product/ProductEditView.vue(208,34): error TS2345: Argument of type 'number' is not assignable to parameter of type 'string'.
src/views/product/ProductEditView.vue(232,38): error TS2345: Argument of type 'number' is not assignable to parameter of type 'string'.
src/views/product/ProductEditView.vue(246,41): error TS2345: Argument of type 'number' is not assignable to parameter of type 'string'.
src/views/product/ProductEditView.vue(247,3): error TS2322: Type '{ id: string; skuCode: string; specifications: SpecificationView[]; salePriceInCents: number; status: SkuStatus; mainImageUrl: string | null; }[]' is not assignable to type 'EditableSku[] | { id: number; status: SkuStatus; mainImageUrl: string | null; skuCode: string; specifications: { name: string; value: string; }[]; salePriceInCents: number; }[]'.
  Type '{ id: string; skuCode: string; specifications: SpecificationView[]; salePriceInCents: number; status: SkuStatus; mainImageUrl: string | null; }[]' is not assignable to type 'EditableSku[]'.
    Type '{ id: string; skuCode: string; specifications: SpecificationView[]; salePriceInCents: number; status: SkuStatus; mainImageUrl: string | null; }' is not assignable to type 'EditableSku'.
      Types of property 'id' are incompatible.
        Type 'string' is not assignable to type 'number'.
src/views/product/ProductEditView.vue(267,7): error TS2322: Type 'string' is not assignable to type 'number'.
src/views/product/ProductEditView.vue(270,31): error TS2345: Argument of type 'number' is not assignable to parameter of type 'string'.
src/views/product/ProductEditView.vue(284,41): error TS2345: Argument of type 'number' is not assignable to parameter of type 'string'.
src/views/product/ProductEditView.vue(289,3): error TS2322: Type '{ id: string; skuCode: string; specifications: SpecificationView[]; salePriceInCents: number; status: SkuStatus; mainImageUrl: string | null; }[]' is not assignable to type 'EditableSku[] | { id: number; status: SkuStatus; mainImageUrl: string | null; skuCode: string; specifications: { name: string; value: string; }[]; salePriceInCents: number; }[]'.
  Type '{ id: string; skuCode: string; specifications: SpecificationView[]; salePriceInCents: number; status: SkuStatus; mainImageUrl: string | null; }[]' is not assignable to type 'EditableSku[]'.
    Type '{ id: string; skuCode: string; specifications: SpecificationView[]; salePriceInCents: number; status: SkuStatus; mainImageUrl: string | null; }' is not assignable to type 'EditableSku'.
      Types of property 'id' are incompatible.
        Type 'string' is not assignable to type 'number'.
src/views/product/ProductListView.vue(200,7): error TS2322: Type 'number | undefined' is not assignable to type 'string | undefined'.
  Type 'number' is not assignable to type 'string'.
src/views/product/ProductListView.vue(201,7): error TS2322: Type 'number | undefined' is not assignable to type 'string | undefined'.
  Type 'number' is not assignable to type 'string'.
 ELIFECYCLE  Command failed with exit code 2.
