
> mall-admin@0.0.0 build D:\Desktop\ai-platform\implementation\ai-platform-frontend\mall-admin
> vite build

[36mvite v8.2.2 [32mbuilding client environment for production...[36m[39m
transforming...
✓ 1743 modules transformed.
rendering chunks...
computing gzip size...
dist/index.html                                     0.49 kB │ gzip:  0.31 kB
dist/assets/ProductsPlaceholderView-DgfSVw0g.css    0.05 kB │ gzip:  0.07 kB
dist/assets/SettingsPlaceholderView-De7rA_XN.css    0.05 kB │ gzip:  0.07 kB
dist/assets/UsersPlaceholderView-DgSo6BNw.css       0.05 kB │ gzip:  0.07 kB
dist/assets/NotFoundView-DlOX6-8_.css               0.06 kB │ gzip:  0.08 kB
dist/assets/WorkbenchView-BHEZD1oN.css              0.23 kB │ gzip:  0.14 kB
dist/assets/css-BAyktVMS.css                        0.92 kB │ gzip:  0.32 kB
dist/assets/LoginView-Vajkt3rH.css                  3.69 kB │ gzip:  0.82 kB
dist/assets/css-C8-vPSoj.css                        3.80 kB │ gzip:  0.89 kB
dist/assets/css-DgHkEboq.css                        5.77 kB │ gzip:  0.98 kB
dist/assets/css-Nqb2n_Xn.css                       11.18 kB │ gzip:  1.86 kB
dist/assets/AdminLayout-CLRjod9i.css               21.99 kB │ gzip:  3.20 kB
dist/assets/css-CNpL_Sag.css                       27.75 kB │ gzip:  3.95 kB
dist/assets/CategoryTreeView-Dvo2DdIm.css          41.87 kB │ gzip:  6.17 kB
dist/assets/castArray-CzHMhNiG.js                   0.12 kB │ gzip:  0.13 kB
dist/assets/app-CvZgTuos.js                         0.24 kB │ gzip:  0.22 kB
dist/assets/ForbiddenView-Bu_LxFUP.js               0.30 kB │ gzip:  0.27 kB
dist/assets/vnode-Z9qL6KVa.js                       0.37 kB │ gzip:  0.25 kB
dist/assets/ProductsPlaceholderView-BLJD_Dh7.js     0.38 kB │ gzip:  0.34 kB
dist/assets/SettingsPlaceholderView-B0GqCxOE.js     0.38 kB │ gzip:  0.34 kB
dist/assets/UsersPlaceholderView-B-tSeij8.js        0.38 kB │ gzip:  0.34 kB
dist/assets/NotFoundView-0Tg_A2Ni.js                0.46 kB │ gzip:  0.38 kB
dist/assets/css-CESpe3To.js                         1.21 kB │ gzip:  0.54 kB
dist/assets/WorkbenchView-CMo7bzHA.js               1.89 kB │ gzip:  1.11 kB
dist/assets/LoginView-CvEl98Mq.js                   3.59 kB │ gzip:  1.69 kB
dist/assets/css-CVouZ6IN.js                        15.74 kB │ gzip:  5.74 kB
dist/assets/AdminLayout-CGleIAfi.js                34.42 kB │ gzip: 11.54 kB
dist/assets/css-DIIVAOxY.js                        35.11 kB │ gzip: 12.03 kB
dist/assets/index-DlZ-bLeS.js                      43.30 kB │ gzip: 17.18 kB
dist/assets/css-DGqdxFEE.js                        52.23 kB │ gzip: 18.45 kB
dist/assets/css-ByueGm2i.js                        54.19 kB │ gzip: 20.38 kB
dist/assets/auth-Cuy9ceq8.js                       59.23 kB │ gzip: 22.48 kB
dist/assets/runtime-core.esm-bundler-CQAhqU0Y.js   64.55 kB │ gzip: 25.32 kB
dist/assets/CategoryTreeView-EathuSLd.js          138.82 kB │ gzip: 47.06 kB

[32m✓ built in 1.25s[39m
