
> mall-admin@0.0.0 lint D:\Desktop\ai-platform\implementation\ai-platform-frontend\mall-admin
> eslint .


D:\Desktop\ai-platform\implementation\ai-platform-frontend\mall-admin\src\components\DynamicMenuItem.vue
   9:49  warning  ':index' should be on a new line                                                    vue/max-attributes-per-line
  10:22  warning  Expected 1 line break after opening tag (`<template>`), but no line breaks found    vue/singleline-html-element-content-newline
  10:50  warning  Expected 1 line break before closing tag (`</template>`), but no line breaks found  vue/singleline-html-element-content-newline
  11:53  warning  ':key' should be on a new line                                                      vue/max-attributes-per-line
  11:69  warning  ':item' should be on a new line                                                     vue/max-attributes-per-line
  13:52  warning  ':index' should be on a new line                                                    vue/max-attributes-per-line
  14:22  warning  Expected 1 line break after opening tag (`<template>`), but no line breaks found    vue/singleline-html-element-content-newline
  14:37  warning  Expected 1 line break before closing tag (`</template>`), but no line breaks found  vue/singleline-html-element-content-newline

D:\Desktop\ai-platform\implementation\ai-platform-frontend\mall-admin\src\layouts\AdminLayout.vue
  25:54  warning  'class' should be on a new line                                                             vue/max-attributes-per-line
  29:45  warning  ':collapse' should be on a new line                                                         vue/max-attributes-per-line
  29:68  warning  'router' should be on a new line                                                            vue/max-attributes-per-line
  30:52  warning  ':key' should be on a new line                                                              vue/max-attributes-per-line
  30:67  warning  ':item' should be on a new line                                                             vue/max-attributes-per-line
  35:25  warning  'data-testid' should be on a new line                                                       vue/max-attributes-per-line
  35:52  warning  '@click' should be on a new line                                                            vue/max-attributes-per-line
  43:49  warning  Expected 1 line break after opening tag (`<el-dropdown-item>`), but no line breaks found    vue/singleline-html-element-content-newline
  43:51  warning  Expected 1 line break before closing tag (`</el-dropdown-item>`), but no line breaks found  vue/singleline-html-element-content-newline

D:\Desktop\ai-platform\implementation\ai-platform-frontend\mall-admin\src\views\LoginView.vue
  31:39   warning  'header' should be on a new line                                                     vue/max-attributes-per-line
  32:35   warning  '@submit.prevent' should be on a new line                                            vue/max-attributes-per-line
  34:40   warning  'placeholder' should be on a new line                                                vue/max-attributes-per-line
  34:65   warning  'data-testid' should be on a new line                                                vue/max-attributes-per-line
  44:39   warning  ':title' should be on a new line                                                     vue/max-attributes-per-line
  44:61   warning  'type' should be on a new line                                                       vue/max-attributes-per-line
  44:74   warning  ':closable' should be on a new line                                                  vue/max-attributes-per-line
  45:35   warning  'native-type' should be on a new line                                                vue/max-attributes-per-line
  45:56   warning  ':loading' should be on a new line                                                   vue/max-attributes-per-line
  45:75   warning  'data-testid' should be on a new line                                                vue/max-attributes-per-line
  45:102  warning  Expected 1 line break after opening tag (`<el-button>`), but no line breaks found    vue/singleline-html-element-content-newline
  45:104  warning  Expected 1 line break before closing tag (`</el-button>`), but no line breaks found  vue/singleline-html-element-content-newline

D:\Desktop\ai-platform\implementation\ai-platform-frontend\mall-admin\src\views\NotFoundView.vue
  5:25  warning  Expected 1 line break after opening tag (`<router-link>`), but no line breaks found    vue/singleline-html-element-content-newline
  5:30  warning  Expected 1 line break before closing tag (`</router-link>`), but no line breaks found  vue/singleline-html-element-content-newline

D:\Desktop\ai-platform\implementation\ai-platform-frontend\mall-admin\src\views\WorkbenchView.vue
  41:43  warning  'header' should be on a new line                                                     vue/max-attributes-per-line
  42:33  warning  ':loading' should be on a new line                                                   vue/max-attributes-per-line
  42:56  warning  'data-testid' should be on a new line                                                vue/max-attributes-per-line
  42:79  warning  '@click' should be on a new line                                                     vue/max-attributes-per-line
  45:29  warning  Expected 1 line break after opening tag (`<p>`), but no line breaks found            vue/singleline-html-element-content-newline
  45:33  warning  Expected 1 line break before closing tag (`</p>`), but no line breaks found          vue/singleline-html-element-content-newline
  46:33  warning  'class' should be on a new line                                                      vue/max-attributes-per-line
  46:65  warning  'data-testid' should be on a new line                                                vue/max-attributes-per-line
  49:32  warning  'class' should be on a new line                                                      vue/max-attributes-per-line
  49:62  warning  'data-testid' should be on a new line                                                vue/max-attributes-per-line
  54:43  warning  'header' should be on a new line                                                     vue/max-attributes-per-line
  55:37  warning  'placeholder' should be on a new line                                                vue/max-attributes-per-line
  55:74  warning  'data-testid' should be on a new line                                                vue/max-attributes-per-line
  56:46  warning  Expected 1 line break after opening tag (`<el-button>`), but no line breaks found    vue/singleline-html-element-content-newline
  56:50  warning  Expected 1 line break before closing tag (`</el-button>`), but no line breaks found  vue/singleline-html-element-content-newline

D:\Desktop\ai-platform\implementation\ai-platform-frontend\mall-admin\src\views\product\CategoryTreeView.vue
  155:36  warning  'label' should be on a new line                                                      vue/max-attributes-per-line
  155:49  warning  'min-width' should be on a new line                                                  vue/max-attributes-per-line
  156:37  warning  'label' should be on a new line                                                      vue/max-attributes-per-line
  156:48  warning  'width' should be on a new line                                                      vue/max-attributes-per-line
  156:59  warning  'align' should be on a new line                                                      vue/max-attributes-per-line
  157:36  warning  'label' should be on a new line                                                      vue/max-attributes-per-line
  157:47  warning  'width' should be on a new line                                                      vue/max-attributes-per-line
  157:58  warning  'align' should be on a new line                                                      vue/max-attributes-per-line
  158:35  warning  'width' should be on a new line                                                      vue/max-attributes-per-line
  158:47  warning  'align' should be on a new line                                                      vue/max-attributes-per-line
  160:73  warning  'size' should be on a new line                                                       vue/max-attributes-per-line
  165:35  warning  'width' should be on a new line                                                      vue/max-attributes-per-line
  165:47  warning  'align' should be on a new line                                                      vue/max-attributes-per-line
  207:30  warning  ':model' should be on a new line                                                     vue/max-attributes-per-line
  207:44  warning  ':rules' should be on a new line                                                     vue/max-attributes-per-line
  207:63  warning  'label-width' should be on a new line                                                vue/max-attributes-per-line
  207:82  warning  '@submit.prevent' should be on a new line                                            vue/max-attributes-per-line
  208:34  warning  'prop' should be on a new line                                                       vue/max-attributes-per-line
  217:34  warning  'prop' should be on a new line                                                       vue/max-attributes-per-line
  227:51  warning  Expected 1 line break after opening tag (`<el-button>`), but no line breaks found    vue/singleline-html-element-content-newline
  227:54  warning  Expected 1 line break before closing tag (`</el-button>`), but no line breaks found  vue/singleline-html-element-content-newline

✖ 67 problems (0 errors, 67 warnings)
  0 errors and 43 warnings potentially fixable with the `--fix` option.

