
> mall-web@0.0.0 lint D:\Desktop\ai-platform\implementation\ai-platform-frontend\mall-web
> eslint .


D:\Desktop\ai-platform\implementation\ai-platform-frontend\mall-web\src\layouts\MallLayout.vue
  17:38  warning  'data-testid' should be on a new line                                                  vue/max-attributes-per-line
  19:45  warning  'data-testid' should be on a new line                                                  vue/max-attributes-per-line
  22:33  warning  'data-testid' should be on a new line                                                  vue/max-attributes-per-line
  22:59  warning  '@click' should be on a new line                                                       vue/max-attributes-per-line
  22:81  warning  Expected 1 line break after opening tag (`<button>`), but no line breaks found         vue/singleline-html-element-content-newline
  22:83  warning  Expected 1 line break before closing tag (`</button>`), but no line breaks found       vue/singleline-html-element-content-newline
  25:36  warning  'data-testid' should be on a new line                                                  vue/max-attributes-per-line
  25:66  warning  Expected 1 line break after opening tag (`<router-link>`), but no line breaks found    vue/singleline-html-element-content-newline
  25:68  warning  Expected 1 line break before closing tag (`</router-link>`), but no line breaks found  vue/singleline-html-element-content-newline
  26:39  warning  'data-testid' should be on a new line                                                  vue/max-attributes-per-line
  26:72  warning  Expected 1 line break after opening tag (`<router-link>`), but no line breaks found    vue/singleline-html-element-content-newline
  26:74  warning  Expected 1 line break before closing tag (`</router-link>`), but no line breaks found  vue/singleline-html-element-content-newline
  33:41  warning  Expected 1 line break after opening tag (`<footer>`), but no line breaks found         vue/singleline-html-element-content-newline
  33:73  warning  Expected 1 line break before closing tag (`</footer>`), but no line breaks found       vue/singleline-html-element-content-newline

D:\Desktop\ai-platform\implementation\ai-platform-frontend\mall-web\src\views\HomeView.vue
  34:32  warning  Expected 1 line break after opening tag (`<p>`), but no line breaks found         vue/singleline-html-element-content-newline
  34:49  warning  Expected 1 line break before closing tag (`</p>`), but no line breaks found       vue/singleline-html-element-content-newline
  39:29  warning  'data-testid' should be on a new line                                             vue/max-attributes-per-line
  39:55  warning  '@click' should be on a new line                                                  vue/max-attributes-per-line
  39:85  warning  Expected 1 line break after opening tag (`<button>`), but no line breaks found    vue/singleline-html-element-content-newline
  39:87  warning  Expected 1 line break before closing tag (`</button>`), but no line breaks found  vue/singleline-html-element-content-newline
  44:29  warning  ':disabled' should be on a new line                                               vue/max-attributes-per-line
  44:53  warning  'data-testid' should be on a new line                                             vue/max-attributes-per-line
  44:76  warning  '@click' should be on a new line                                                  vue/max-attributes-per-line
  47:29  warning  Expected 1 line break after opening tag (`<p>`), but no line breaks found         vue/singleline-html-element-content-newline
  47:33  warning  Expected 1 line break before closing tag (`</p>`), but no line breaks found       vue/singleline-html-element-content-newline
  48:33  warning  'class' should be on a new line                                                   vue/max-attributes-per-line
  48:60  warning  'data-testid' should be on a new line                                             vue/max-attributes-per-line
  51:32  warning  'class' should be on a new line                                                   vue/max-attributes-per-line
  51:57  warning  'data-testid' should be on a new line                                             vue/max-attributes-per-line

D:\Desktop\ai-platform\implementation\ai-platform-frontend\mall-web\src\views\NotFoundView.vue
  5:25  warning  Expected 1 line break after opening tag (`<router-link>`), but no line breaks found    vue/singleline-html-element-content-newline
  5:29  warning  Expected 1 line break before closing tag (`</router-link>`), but no line breaks found  vue/singleline-html-element-content-newline

D:\Desktop\ai-platform\implementation\ai-platform-frontend\mall-web\src\views\auth\LoginView.vue
  44:35   warning  '@submit.prevent' should be on a new line                                              vue/max-attributes-per-line
  45:36   warning  Expected 1 line break after opening tag (`<h1>`), but no line breaks found             vue/singleline-html-element-content-newline
  45:40   warning  Expected 1 line break before closing tag (`</h1>`), but no line breaks found           vue/singleline-html-element-content-newline
  49:35   warning  'type' should be on a new line                                                         vue/max-attributes-per-line
  49:47   warning  'autocomplete' should be on a new line                                                 vue/max-attributes-per-line
  49:71   warning  'data-testid' should be on a new line                                                  vue/max-attributes-per-line
  49:100  warning  Disallow self-closing on HTML void elements (<input/>)                                 vue/html-self-closing
  59:9    warning  Disallow self-closing on HTML void elements (<input/>)                                 vue/html-self-closing
  62:30   warning  'class' should be on a new line                                                        vue/max-attributes-per-line
  62:55   warning  'data-testid' should be on a new line                                                  vue/max-attributes-per-line
  62:81   warning  Expected 1 line break after opening tag (`<p>`), but no line breaks found              vue/singleline-html-element-content-newline
  62:99   warning  Expected 1 line break before closing tag (`</p>`), but no line breaks found            vue/singleline-html-element-content-newline
  74:43   warning  'data-testid' should be on a new line                                                  vue/max-attributes-per-line
  74:75   warning  Expected 1 line break after opening tag (`<router-link>`), but no line breaks found    vue/singleline-html-element-content-newline
  74:79   warning  Expected 1 line break before closing tag (`</router-link>`), but no line breaks found  vue/singleline-html-element-content-newline

D:\Desktop\ai-platform\implementation\ai-platform-frontend\mall-web\src\views\auth\RegisterView.vue
  40:35  warning  '@submit.prevent' should be on a new line                                              vue/max-attributes-per-line
  41:36  warning  Expected 1 line break after opening tag (`<h1>`), but no line breaks found             vue/singleline-html-element-content-newline
  41:40  warning  Expected 1 line break before closing tag (`</h1>`), but no line breaks found           vue/singleline-html-element-content-newline
  51:9   warning  Disallow self-closing on HTML void elements (<input/>)                                 vue/html-self-closing
  62:9   warning  Disallow self-closing on HTML void elements (<input/>)                                 vue/html-self-closing
  65:30  warning  'class' should be on a new line                                                        vue/max-attributes-per-line
  65:55  warning  'data-testid' should be on a new line                                                  vue/max-attributes-per-line
  79:39  warning  'data-testid' should be on a new line                                                  vue/max-attributes-per-line
  79:71  warning  Expected 1 line break after opening tag (`<router-link>`), but no line breaks found    vue/singleline-html-element-content-newline
  79:74  warning  Expected 1 line break before closing tag (`</router-link>`), but no line breaks found  vue/singleline-html-element-content-newline

✖ 56 problems (0 errors, 56 warnings)
  0 errors and 46 warnings potentially fixable with the `--fix` option.

